
> islam-elearning@1.0.0 build
> next build --webpack

▲ Next.js 16.2.10 (webpack)

  Creating an optimized production build ...
✓ Compiled successfully in 36.8s
  Running TypeScript ...
  Finished TypeScript in 5.1s ...
  Collecting page data using 7 workers ...
  Generating static pages using 7 workers (0/11) ...
  Generating static pages using 7 workers (2/11) 
  Generating static pages using 7 workers (5/11) 
  Generating static pages using 7 workers (8/11) 
✓ Generating static pages using 7 workers (11/11) in 693ms
  Finalizing page optimization ...
  Collecting build traces ...

Route (app)
┌ ○ /
├ ○ /_not-found
├ ○ /chapter1
├ ○ /chapter1/dev-character
├ ○ /chapter2
├ ○ /chapter2/practice
├ ○ /chapter6
├ ○ /chapter6/practice
├ ○ /chapters
└ ○ /icon.svg


○  (Static)  prerendered as static content


> islam-elearning@1.0.0 postbuild
> node scripts/fix-basepath.mjs

[fix-basepath] GH_PAGES!=true — skipping (local build unchanged).
