== yemen-heights
  pageerror: 0
  console error/warn: 41 (ייחודיים 14)
    warning: THREE.Clock: This module has been deprecated. Please use THREE.Timer instead.
    warning: [.WebGL-0x10c000dc600]GL Driver Message (OpenGL, Performance, GL_CLOSE_PATH_NV, High): GPU stall due to ReadPixels
    warning: [.WebGL-0x10c000dc600]GL Driver Message (OpenGL, Performance, GL_CLOSE_PATH_NV, High): GPU stall due to ReadPixels (this message will no longer repeat)
    warning: [ch1 audit] yemen-heights: 3 UNAPPROVED overlaps, 0 off-ground
    warning:   prop:mudtower.glb@17.7,18.7 ↔ prop:drywall2.glb@15.1,14.0 — 1.52m deep (93% of the smaller)
    warning:   prop:mudtower.glb@17.7,18.7 ↔ prop:drywall3.glb@19.9,13.9 — 1.26m deep (92% of the smaller)
    warning:   prop:terraces-hero.glb@-15.0,16.0 ↔ prop:drywall3.glb@-14.7,13.7 — 1.06m deep (92% of the smaller)
    warning: [ch1 audit] yemen-heights: 4 UNAPPROVED overlaps, 0 off-ground
  requestfailed: 1
    http://localhost:3000/assets/anim-video/opening.mp4 — net::ERR_ABORTED
  HTTP>=400: 0
== border-post
  pageerror: 0
  console error/warn: 1 (ייחודיים 1)
    warning: THREE.Clock: This module has been deprecated. Please use THREE.Timer instead.
  requestfailed: 0
  HTTP>=400: 0
== mecca
  pageerror: 0
  console error/warn: 1 (ייחודיים 1)
    warning: THREE.Clock: This module has been deprecated. Please use THREE.Timer instead.
  requestfailed: 0
  HTTP>=400: 0
== /chapter1/practice
  pageerror: 0
  console error/warn: 0 (ייחודיים 0)
  requestfailed: 0
  HTTP>=400: 0
== /notebook
  pageerror: 0
  console error/warn: 0 (ייחודיים 0)
  requestfailed: 0
  HTTP>=400: 0
