
══ מכה
  ניגודיות (נמדד על מה שמרונדר):
   ✔ 8.82 (דרוש 4.5) · 13px/400 · .hud-dialogue-hint · "רווח או לחיצה"
   ✔ 9.20 (דרוש 4.5) · 16px/400 · .hud-title · "מקשים×"
   ✔ 12.62 (דרוש 4.5) · 15.5px/400 · .hud-dialogue-body p · "ירדנו דרומה בחזרה, ומכה לפ"
   ✔ 15.45 (דרוש 4.5) · 14px/400 · .hud-card-btn · "להשלמת השורה"
   ✔ 16.29 (דרוש 4.5) · 12px/600 · .hud-key · "W"
   ✔ 17.76 (דרוש 4.5) · 13px/400 · .poi-act · "E · שיחה עם הסוחר"
  מטרות: 5 · קטנות מ-44px: 5
   ✗ 88×27 · chapter-logo · "חזרה לעמוד הפרקים"
   ✗ 34×34 · ch1-sound-btn · "השתיקו צליל"
   ✗ 134×36 · ch1-journal-btn · "מחברת המסע"
   ✗ 32×32 · hud-controls-close · "×"
   ✗ 128×35 · hud-card-btn · "להשלמת השורה"
  focus על כפתור: outline=3px none rgb(245, 236, 214) · shadow=none
  hover: רקע 

══ תרגול
  ניגודיות (נמדד על מה שמרונדר):
   ✗ 1.02 (דרוש 4.5) · 15px/400 · .hud-card-btn · "→ הקודמת"
   ✔ 7.39 (דרוש 4.5) · 14px/400 · .p1-steps-count · "שאלה 1 מתוך 6"
   ✔ 9.15 (דרוש 4.5) · 20px/400 · .p2-lead · "מסע אל ערב טרום האסלאם — ש"
  מטרות: 18 · קטנות מ-44px: 3
   ✗ 40×40 · chapter-burger · "כיווץ/הרחבה של התפריט"
   ✗ 88×27 · chapter-logo · "חזרה לעמוד הפרקים"
   ✗ 134×36 · gv-back · "חזרה לפרק 1"
  focus על כפתור: outline=2px solid rgb(199, 154, 60) · shadow=none
  hover: רקע rgb(138, 39, 51)

══ דף הסיום
  ניגודיות (נמדד על מה שמרונדר):
   ✔ 9.46 (דרוש 4.5) · 12px/600 · .ch1-outro-src · "§45"
   ✔ 13.49 (דרוש 4.5) · 16px/400 · .ch1-outro-words p · "פגשנו את שתי האימפריות בדר"
   ✔ 16.09 (דרוש 4.5) · 14px/400 · .hud-card-btn · "השהו"
  מטרות: 5 · קטנות מ-44px: 5
   ✗ 68×35 · hud-card-btn · "השהו"
   ✗ 98×35 · hud-card-btn · "הפעילו קול"
   ✗ 135×35 · hud-card-btn is-primary · "לתרגול המסכם ←"
   ✗ 117×35 · hud-card-btn · "מחברת המסע"
   ✗ 130×35 · hud-card-btn · "לרשימת הפרקים"
  focus על כפתור: outline=2px solid rgb(199, 154, 60) · shadow=none
  hover: רקע rgba(0, 0, 0, 0)

══ מחברת
  ניגודיות (נמדד על מה שמרונדר):
  מטרות: 3 · קטנות מ-44px: 3
   ✗ 40×40 · chapter-burger · "כיווץ/הרחבה של התפריט"
   ✗ 88×27 · chapter-logo · "חזרה לעמוד הפרקים"
   ✗ 103×43 · nb-btn · "אל הפרקים"
