נבדקו 72
ch1-q01 · single · §0 · 4 אפשרויות · 1 נכונות · תקין
ch1-q02 · single · §0 · 4 אפשרויות · 1 נכונות · תקין
ch1-q03 · single · §1 · 4 אפשרויות · 1 נכונות · תקין
ch1-q04 · open · §0 §1 · 0 אפשרויות · 0 נכונות · תקין
ch1-q05 · match · §2 §3 §4 §5 · 0 אפשרויות · 0 נכונות · תקין
ch1-q06 · single · §3 · 4 אפשרויות · 1 נכונות · תקין
ch1-q07 · single · §5 · 4 אפשרויות · 1 נכונות · תקין
ch1-q08 · open · §2 §3 §4 §5 · 0 אפשרויות · 0 נכונות · תקין
ch1-q09 · open · §5 · 0 אפשרויות · 0 נכונות · תקין
ch1-q10 · single · §7 · 4 אפשרויות · 1 נכונות · תקין
ch1-q11 · single · §6 §7 · 4 אפשרויות · 1 נכונות · תקין
ch1-q12 · match · §8 · 0 אפשרויות · 0 נכונות · תקין
ch1-q13 · multi · §7 · 4 אפשרויות · 2 נכונות · תקין
ch1-q14 · single · §9 · 4 אפשרויות · 1 נכונות · תקין
ch1-q15 · open · §6 §7 §8 §9 · 0 אפשרויות · 0 נכונות · תקין
ch1-q16 · single · §10 · 4 אפשרויות · 1 נכונות · תקין
ch1-q17 · multi · §10 · 4 אפשרויות · 3 נכונות · תקין
ch1-q18 · single · §10 · 4 אפשרויות · 1 נכונות · תקין
ch1-q19 · single · §12 · 4 אפשרויות · 1 נכונות · תקין
ch1-q20 · single · §11 · 4 אפשרויות · 1 נכונות · תקין
ch1-q21 · open · §10 §11 §12 · 0 אפשרויות · 0 נכונות · תקין
ch1-q22 · multi · §13 · 5 אפשרויות · 4 נכונות · תקין
ch1-q23 · single · §14 §15 · 4 אפשרויות · 1 נכונות · תקין
ch1-q24 · single · §16 · 4 אפשרויות · 1 נכונות · תקין
ch1-q25 · single · §17 · 4 אפשרויות · 1 נכונות · תקין
ch1-q26 · open · §13 §14 §15 §16 · 0 אפשרויות · 0 נכונות · תקין
ch1-q27 · single · §18 · 4 אפשרויות · 1 נכונות · תקין
ch1-q28 · single · §18 · 4 אפשרויות · 1 נכונות · תקין
ch1-q29 · single · §19 · 4 אפשרויות · 1 נכונות · תקין
ch1-q30 · single · §20 · 4 אפשרויות · 1 נכונות · תקין
ch1-q31 · open · §18 §19 · 0 אפשרויות · 0 נכונות · תקין
ch1-q32 · multi · §21 · 4 אפשרויות · 3 נכונות · תקין
ch1-q33 · multi · §22 · 4 אפשרויות · 3 נכונות · תקין
ch1-q34 · single · §23 · 4 אפשרויות · 1 נכונות · תקין
ch1-q35 · single · §24 · 4 אפשרויות · 1 נכונות · תקין
ch1-q36 · single · §25 · 4 אפשרויות · 1 נכונות · תקין
ch1-q37 · open · §20 §21 §22 §23 · 0 אפשרויות · 0 נכונות · תקין
ch1-q38 · single · §27 · 4 אפשרויות · 1 נכונות · תקין
ch1-q39 · single · §27 · 4 אפשרויות · 1 נכונות · תקין
ch1-q40 · single · §28 · 4 אפשרויות · 1 נכונות · תקין
ch1-q41 · single · §28 · 4 אפשרויות · 1 נכונות · תקין
ch1-q42 · single · §29 · 4 אפשרויות · 1 נכונות · תקין
ch1-q43 · single · §30 · 4 אפשרויות · 1 נכונות · תקין
ch1-q44 · single · §26 · 4 אפשרויות · 1 נכונות · תקין
ch1-q45 · single · §17 · 4 אפשרויות · 1 נכונות · תקין
ch1-q46 · open · §26 §27 §28 §29 · 0 אפשרויות · 0 נכונות · תקין
ch1-q47 · open · §45 §46 · 0 אפשרויות · 0 נכונות · תקין
ch1-q48 · single · §32 · 4 אפשרויות · 1 נכונות · תקין
ch1-q49 · single · §33 · 4 אפשרויות · 1 נכונות · תקין
ch1-q50 · single · §34 · 4 אפשרויות · 1 נכונות · תקין
ch1-q51 · single · §34 · 4 אפשרויות · 1 נכונות · תקין
ch1-q52 · single · §35 · 4 אפשרויות · 1 נכונות · תקין
ch1-q53 · single · §35 · 4 אפשרויות · 1 נכונות · תקין
ch1-q54 · single · §36 §37 · 4 אפשרויות · 1 נכונות · תקין
ch1-q55 · single · §38 · 4 אפשרויות · 1 נכונות · תקין
ch1-q56 · single · §38 · 4 אפשרויות · 1 נכונות · תקין
ch1-q57 · single · §39 · 4 אפשרויות · 1 נכונות · תקין
ch1-q58 · open · §35 §36 §37 §38 · 0 אפשרויות · 0 נכונות · תקין
ch1-q59 · single · §40 §41 · 4 אפשרויות · 1 נכונות · תקין
ch1-q60 · single · §42 · 4 אפשרויות · 1 נכונות · תקין
ch1-q61 · open · §39 §40 §41 §42 · 0 אפשרויות · 0 נכונות · תקין
ch1-q62 · multi · §43 · 4 אפשרויות · 3 נכונות · תקין
ch1-q63 · open · §23 §41 §42 · 0 אפשרויות · 0 נכונות · תקין
ch1-q64 · single · §43 · 4 אפשרויות · 1 נכונות · תקין
ch1-q65 · multi · §44 · 5 אפשרויות · 4 נכונות · תקין
ch1-q66 · match · §34 §35 §38 §43 · 0 אפשרויות · 0 נכונות · תקין
ch1-q67 · open · §32 §33 §34 §43 §44 · 0 אפשרויות · 0 נכונות · תקין
ch1-q68 · single · §45 · 4 אפשרויות · 1 נכונות · תקין
ch1-q69 · single · §46 · 4 אפשרויות · 1 נכונות · תקין
ch1-q70 · match · §47 · 0 אפשרויות · 0 נכונות · תקין
ch1-q71 · single · §47 §48 · 4 אפשרויות · 1 נכונות · תקין
ch1-q72 · open · §45 §46 §47 §48 · 0 אפשרויות · 0 נכונות · תקין
