01 הגעה · שלב brief · מטרה: ""
02 שיחה-1 · שלב brief · מטרה: "דברו עם הסוחר"
03 שיחה-2 · שלב brief · מטרה: "דברו עם הסוחר"
04 שיחה-3 · שלב brief · מטרה: "דברו עם הסוחר"
05 אחרי-השיחות · שלב look · מטרה: "הביטו במה שמאיר — נותרו 3 דברים לראות כאן"
06 ראיה-1 · שלב look · מטרה: ""
07 ראיה-2 · שלב look · מטרה: ""
08 ראיה-3 · שלב look · מטרה: "הביטו במה שמאיר — נותרו 1 דברים לראות כאן"
09 ראיה-4 · שלב look · מטרה: "הביטו במה שמאיר — נותרו 1 דברים לראות כאן"
10 ראיה-5 · שלב act · מטרה: ""
   מרחק מהשולחן: 7.28 · atTask: false · תקריב: false
11 ליד-השולחן · שלב act · מטרה: "סדרו את השולחן: הניחו כל דבר במקומו — מה שנחצב באבן, מה שנאמר בפסוק, ומה שנכתב מאוחר יותר."
12 F-הרמה · שלב act · מטרה: "סדרו את השולחן: הניחו כל דבר במקומו — מה שנחצב באבן, מה שנאמר בפסוק, ומה שנכתב מאוחר יותר."
13 חץ · שלב act · מטרה: "סדרו את השולחן: הניחו כל דבר במקומו — מה שנחצב באבן, מה שנאמר בפסוק, ומה שנכתב מאוחר יותר."
14 הנחה · שלב act · מטרה: "סדרו את השולחן: הניחו כל דבר במקומו — מה שנחצב באבן, מה שנאמר בפסוק, ומה שנכתב מאוחר יותר."
15 שולחן-מלא · שלב act · מטרה: "סדרו את השולחן: הניחו כל דבר במקומו — מה שנחצב באבן, מה שנאמר בפסוק, ומה שנכתב מאוחר יותר."
16 פירוש · שלב act · מטרה: "סדרו את השולחן: הניחו כל דבר במקומו — מה שנחצב באבן, מה שנאמר בפסוק, ומה שנכתב מאוחר יותר."
17 אחרי-תשובה · שלב act · מטרה: "סדרו את השולחן: הניחו כל דבר במקומו — מה שנחצב באבן, מה שנאמר בפסוק, ומה שנכתב מאוחר יותר."
18 אחרי-סגירה · שלב act · מטרה: "סדרו את השולחן: הניחו כל דבר במקומו — מה שנחצב באבן, מה שנאמר בפסוק, ומה שנכתב מאוחר יותר."
19 סיכום · שלב act · מטרה: "סדרו את השולחן: הניחו כל דבר במקומו — מה שנחצב באבן, מה שנאמר בפסוק, ומה שנכתב מאוחר יותר."
node:internal/modules/run_main:107
    triggerUncaughtException(
    ^

mouse.move: Target page, context or browser has been closed
    at turn (/Users/nikagreenbaum/ISLAM_NIKA/audit/2026-09-07/scripts/lib-walk.mjs:19:44)
    at async Object.walk (/Users/nikagreenbaum/ISLAM_NIKA/audit/2026-09-07/scripts/lib-walk.mjs:24:5)
    at async file:///Users/nikagreenbaum/ISLAM_NIKA/audit/2026-09-07/scripts/mecca-walk.mjs:62:3 {
  log: []
}

Node.js v26.8.1
