01 הגעה · שלב brief · מטרה: ""
02 שיחה-1 · שלב brief · מטרה: "דברו עם הסוחר"
03 שיחה-2 · שלב brief · מטרה: "דברו עם הסוחר"
04 שיחה-3 · שלב brief · מטרה: "דברו עם הסוחר"
05 אחרי-השיחות · שלב look · מטרה: "הביטו במה שמאיר — נותרו 3 דברים לראות כאן"
06 ראיה-1 · שלב look · מטרה: ""
07 ראיה-2 · שלב look · מטרה: ""
08 ראיה-3 · שלב look · מטרה: "הביטו במה שמאיר — נותרו 1 דברים לראות כאן"
09 ראיה-4 · שלב act · מטרה: ""
10 ליד-השולחן · שלב act · מטרה: "סדרו את השולחן: הניחו כל דבר במקומו — מה שנחצב באבן, מה שנאמר בפסוק, ומה שנכתב מאוחר יותר."
11 F-הרמה · שלב act · מטרה: "סדרו את השולחן: הניחו כל דבר במקומו — מה שנחצב באבן, מה שנאמר בפסוק, ומה שנכתב מאוחר יותר."
12 חץ · שלב act · מטרה: "סדרו את השולחן: הניחו כל דבר במקומו — מה שנחצב באבן, מה שנאמר בפסוק, ומה שנכתב מאוחר יותר."
13 הנחה · שלב act · מטרה: "סדרו את השולחן: הניחו כל דבר במקומו — מה שנחצב באבן, מה שנאמר בפסוק, ומה שנכתב מאוחר יותר."
14 שולחן-מלא · שלב interpret · מטרה: "הסוחר מחכה לתשובה — לחצו E ליד התחנה"
15 פירוש · שלב interpret · מטרה: "הסוחר מחכה לתשובה — לחצו E ליד התחנה"
16 אחרי-תשובה · שלב interpret · מטרה: "הסוחר מחכה לתשובה — לחצו E ליד התחנה"
17 אחרי-סגירה · שלב interpret · מטרה: "הסוחר מחכה לתשובה — לחצו E ליד התחנה"
18 סיכום · שלב interpret · מטרה: "הסוחר מחכה לתשובה — לחצו E ליד התחנה"
19 סיום-1 · שלב interpret · מטרה: ""
20 סיום-2 · שלב interpret · מטרה: ""
21 סיום-3 · שלב interpret · מטרה: ""
22 סיום-4 · שלב interpret · מטרה: "הסוחר מחכה לתשובה — לחצו E ליד התחנה"
23 סיום-5 · שלב interpret · מטרה: "הסוחר מחכה לתשובה — לחצו E ליד התחנה"
24 סיום-6 · שלב interpret · מטרה: "הסוחר מחכה לתשובה — לחצו E ליד התחנה"
25 סוף · שלב interpret · מטרה: "הסוחר מחכה לתשובה — לחצו E ליד התחנה"
סרט: false
