01 הגעה · שלב brief · מטרה: ""
02 שיחה-1 · שלב brief · מטרה: "דברו עם הסוחר"
03 שיחה-2 · שלב brief · מטרה: "דברו עם הסוחר"
04 שיחה-3 · שלב brief · מטרה: "דברו עם הסוחר"
05 אחרי-השיחות · שלב look · מטרה: "הביטו במה שמאיר — נותרו 3 דברים לראות כאן"
06 ראיה-1 · שלב look · מטרה: ""
07 ראיה-2 · שלב look · מטרה: ""
08 ראיה-3 · שלב look · מטרה: "הביטו במה שמאיר — נותרו 1 דברים לראות כאן"
09 ראיה-4 · שלב look · מטרה: "הביטו במה שמאיר — נותרו 1 דברים לראות כאן"
10 ראיה-5 · שלב act · מטרה: ""
11 ליד-השולחן · שלב act · מטרה: "סדרו את השולחן: הניחו כל דבר במקומו — מה שנחצב באבן, מה שנאמר בפסוק, ומה שנכתב מאוחר יותר."
12 F-הרמה · שלב act · מטרה: "סדרו את השולחן: הניחו כל דבר במקומו — מה שנחצב באבן, מה שנאמר בפסוק, ומה שנכתב מאוחר יותר."
13 חץ · שלב act · מטרה: "סדרו את השולחן: הניחו כל דבר במקומו — מה שנחצב באבן, מה שנאמר בפסוק, ומה שנכתב מאוחר יותר."
14 הנחה · שלב act · מטרה: "סדרו את השולחן: הניחו כל דבר במקומו — מה שנחצב באבן, מה שנאמר בפסוק, ומה שנכתב מאוחר יותר."
15 שולחן-מלא · שלב interpret · מטרה: "הסוחר מחכה לתשובה — לחצו E ליד התחנה"
16 פירוש · שלב interpret · מטרה: "הסוחר מחכה לתשובה — לחצו E ליד התחנה"
17 אחרי-תשובה · שלב interpret · מטרה: "הסוחר מחכה לתשובה — לחצו E ליד התחנה"
18 אחרי-סגירה · שלב interpret · מטרה: "הסוחר מחכה לתשובה — לחצו E ליד התחנה"
19 סיכום · שלב interpret · מטרה: "הסוחר מחכה לתשובה — לחצו E ליד התחנה"
20 סיום-1 · שלב interpret · מטרה: ""
21 סיום-2 · שלב interpret · מטרה: ""
22 סיום-3 · שלב interpret · מטרה: ""
23 סיום-4 · שלב interpret · מטרה: "הסוחר מחכה לתשובה — לחצו E ליד התחנה"
24 סיום-5 · שלב interpret · מטרה: "הסוחר מחכה לתשובה — לחצו E ליד התחנה"
25 סיום-6 · שלב interpret · מטרה: "הסוחר מחכה לתשובה — לחצו E ליד התחנה"
26 סוף · שלב interpret · מטרה: "הסוחר מחכה לתשובה — לחצו E ליד התחנה"
סרט: false
