
══ ch1-q22 · §13 · מה אפיין את חיי היום־יום בין היהודים לשכניהם הערבים? (יותר מתשובה אחת)
   ✔ חיו בשלום זה עם זה
   ✔ התקיימו ביניהם יחסי מסחר
   ✔ גילו נושאי תרבות משותפים, כמו שירה
   ✔ כל שבט חי עם החוקים והמנהגים שלו
   ✗ התאחדו לשבט אחד עם דין משותף
   סימון הכול → ✔ נדחה
   סימון הנכונות בלבד → ✔ מתקבל
   מסיחים: 1 · ["התאחדו לשבט אחד עם דין משותף"]
   משוב: ארבעת הראשונים, וזו הנקודה: שלום ומסחר ותרבות משותפת — ובכל זאת חוק נפרד לכל שבט. איחוד לשבט אחד עם דין משותף הוא בדיוק מה שלא קרה.

══ ch1-q65 · §44 · אילו אלילים מזכיר הקוראן ב-71:23 — „אל תיטשו את אליליכם“? (יותר מתשובה אחת)
   ✔ וד
   ✔ סואע
   ✔ יגות' ויעוק
   ✔ נשר
   ✗ הֻבַּל
   סימון הכול → ✔ נדחה
   סימון הנכונות בלבד → ✔ מתקבל
   מסיחים: 1 · ["הֻבַּל"]
   משוב: ארבעת הראשונים — חמישה אלילים בפסוק אחד, והפנתיאון היה גדול. הֻבַּל אמנם עמד במכה לפי המקור, אבל הוא אינו ברשימה שהפסוק הזה מונה.

══ ch1-q15 · open · §6 §7 §8 §9
   מה אומר המקור על חלחול המונותאיזם לחג׳אז — ומה הוא אינו אומר עליו?
   נקודה 1: השבטים נדדו מתימן צפונה ושימשו מתווכים בין האימפריות לשמירה על נתיבי הסחר
   נקודה 2: גסאן היה בן חסות ביזנטי ולח'ם סאסאני — כלומר לשבטים היה מגע קבוע עם שתי תרבויות דת
   נקודה 3: החג'אז היה חבוי והאימפריות לא גילו בו עניין, ובכל זאת חלחלו אליו רעיונות מונותאיסטיים מהיהדות והנצרות בתהליך איטי ומדורג
   משוב: שתי עובדות שעומדות זו לצד זו אינן סיבה ותוצאה. המקור מציין את החלחול דווקא על אף שהאזור היה חבוי.

══ ch1-q33 · multi · §22
   אילו אורחות חיים של הנזירים השפיעו על תושבי מכה? (יותר מתשובה אחת)
   ✔ התבודדות
   ✔ כתיבת שירה
   ✔ מנהגים פולחניים
   ✗ עבודת אדמה
   משוב: שלושתם מן המקור: התבודדות, כתיבת שירה ומנהגים פולחניים. עבודת אדמה אינה בהם — מה שהשפיע כאן הוא אורח החיים של הפרישות, לא הפרנסה.

══ ch1-q44 · single · §26
   לפי המקור, היכן שלטה ממלכה נוצרית מדרום למכה?
   ✔ באזור תימן
   ✗ בח׳יבר, מצפון לית׳רב
   ✗ בקטסיפון שעל גדת החידקל
   ✗ בית׳רב עצמה
   משוב: תימן. הנצרות לא הגיעה למכה רק מן הצפון — גם מדרום לה שלטה ממלכה נוצרית. ח׳יבר וית׳רב הם יישובים שבהם חיו יהודים, וקטסיפון היא בירת האימפריה הסאסאנית.

══ ch1-q45 · single · §17
   כיצד מנוסחת במקור ההשערה על מה שקיווה מוחמד מיהודי ית׳רב בהגירתו אליה?
   ✔ כהסתייגות — „לא מן הנמנע" שקיווה שיטו אוזן קשבת לבשורתו
   ✗ כעובדה — המקור קובע שזו הייתה מטרת ההגירה
   ✗ כציטוט מן הקוראן על ההגירה
   ✗ כעדות של פרשני הקוראן בני המאה התשיעית
   משוב: „לא מן הנמנע" הוא ניסוח של אפשרות, לא של ידיעה. זו בדיוק ההבחנה שהפרק מבקש: מה שהמקור קובע, ומה שהוא מעלה כהשערה.

══ ch1-q47 · open · §45 §46
   מה קובע המקור על יחסי הערבים והאימפריות ערב עליית האסלאם — משני הכיוונים?
   נקודה 1: ערב עליית האסלאם הערבים בחצי האי לא היוו איום על אף אימפריה
   נקודה 2: לא על הסאסאנית מצפון־מזרח ולא על הביזנטית מצפון־מערב
   נקודה 3: וחרף התחרות בין שתי האימפריות, אף אחת מהן לא שאפה לכבוש חלקים מחצי האי ערב
   נקודה 4: כלומר היחס היה של אי־עניין הדדי, ולא של מתח שקדם לעימות
   משוב: שני הכיוונים יחד. לא איום מכאן, ולא שאיפת כיבוש משם — וזו הסביבה שבה הופיעה הבשורה.

חומר רגיש בבנק: ✔ אין
„מערת חראא׳": ✔ הוסר
§31: ✔ אינו בשימוש
