
── שאלה 1 מתוך 6 · 01סדרו את חמש התחנות המרכזיות לפי הסדר שבו נעברו
   סדר: ["תחנת הגבול — בצילן של שתי אימפריות","ית׳רב — שוק משותף ודין נפרד","מכה — הכעבה ושלוש האבנים","רמות תימן — הכתובת החרותה באבן","המעבר הצר — מכס תמורת מעבר בחסות"]
   מצב: נפתרה

── שאלה 2 מתוך 6 · 02התאימו כל דבר שנלמד בדרך לתחנה שבה הוא נלמד
   מאגר (6): ["המעבר הצר","ית׳רב","הדרך וההעמסה","מכה","תחנת הגבול","המנזר"]
   שורות: 6
   אחרי מענה נכון: נפתרה · 
   מצב: נפתרה

── שאלה 3 מתוך 6 · 03שתי אימפריות שכנו מצפון לחצי האי. כיצד ישבו על המפה?
   בחירה (4): ["הסאסאנית־פרסית מצפון־מערב, הביזנטית מצפון־מזרח","שתיהן שלטו באזור החג׳אז וגבו ממנו מס","שתיהן היו נוצריות, וחילקו ביניהן את חצי האי","הביזנטית מצפון־מערב, הסאסאנית־פרסית מצפון־מזרח"]
   אחרי מענה נכון: נפתרה · 
   מצב: נפתרה

── שאלה 4 מתוך 6 · 04בשוק ית׳רב נמצא נרתיק לספר. מה הוא עצמו מסוגל להראות?
   בחירה (4): ["שהיהודים הגיעו לית׳רב מן הצפון","שמישהו שהחזיק ספרים חי או סחר במקום הזה","שהקהילה היהודית סחרה עם שכניה, שרה איתם ושפטה לפי חוקיה","שרוב תושבי ית׳רב היו יהודים"]
   אחרי מענה נכון: נפתרה · 
   מצב: נפתרה

── שאלה 5 מתוך 6 · 05בית׳רב חיו היהודים בשכנות לערבים. מה נשאר של כל שבט לעצמו?
   בחירה (4): ["המסחר — יהודים וערבים לא סחרו זה עם זה","הציפייה למשיח — עליה לא סיפרו לשכנים","השירה — כל קהילה ושירתה שלה","הדין והדת — כל שבט ומנהגו"]
   אחרי מענה נכון: נפתרה · 
   מצב: נפתרה

── שאלה 6 מתוך 6 · 06בקצה הדרך עומדת קביעה אחת: „הסביבה שבה הופיעה בשורתו של מוחמד לא הייתה ריקה מאמונות." אי
   רמז: אפשר לסמן יותר מאחת.
   בחירה (6): ["הכתובת על אבן המנזר","האבן הניצבת (אנצאב) שבמכה","מטבע הכסף הסאסאני שבתחנת הגבול","בד המשי שהועמס על הגמל","אשפת החיצים שליד הפסל","הנרתיק לספר בשוק ית׳רב"]
   אחרי מענה נכון: נפתרה · 
   מצב: נפתרה
   אין „הבאה" — סוף הרצף

סיום: ים הנוודים שביניהן היו בני חסותן ומתווכיהן, שומרי נתיבי הסחר. בדרך הזו עברו משי ותבלינים — ואיתם, בלי שאיש ארז אותם, רעיונות ומושגים מונותאיסטיים מהיהדות ומהנצרות. חצי האי לא היה חלל ריק: יהודים בית׳רב, נוצרים במנזר ופנתיאון שלם במכה. זו הסביבה שבה הופיעה בשורתו של מוחמד. הפרק הושלם. לכל פרקי הלמידה
