כותרת: התרגול
טקסט פתיחה: חזרה לפרק 1 01 סדר התחנות 02 כל רעיון ותחנתו 03 שתי האימפריות 04 עד היכן מגיע ממצא 05 השכנוּת בית׳רב 06 לבנות את התמונה לכל פרקי הלמידה התרגול המסכם מסע אל ערב טרום האסלאם — שש שאלות, אחת בכל פעם. אין ניקוד ואין כישלון: שאלה נשארת פתוחה עד שהיא נפתרת, ותשובה שאינה נכונה מקבלת הסבר ולא ציון. 01 סדרו 
שלב 0: שאלה="" · כפתורים=["בדיקה","→ הקודמת","לדלג ←","המעבר הצר","ית׳רב","הדרך וההעמסה","מכה","תחנת הגבול","המנזר","בדיקה","→ הקודמת","לדלג ←"] · גרירות=11 · התקדמות=""
   משוב: 
שלב 1: שאלה="" · כפתורים=["בדיקה","→ הקודמת","לדלג ←","המעבר הצר","ית׳רב","הדרך וההעמסה","מכה","תחנת הגבול","המנזר","בדיקה","→ הקודמת","לדלג ←"] · גרירות=11 · התקדמות=""
   משוב: 
שלב 2: שאלה="" · כפתורים=["בדיקה","→ הקודמת","לדלג ←","המעבר הצר","ית׳רב","הדרך וההעמסה","מכה","תחנת הגבול","המנזר","בדיקה","→ הקודמת","לדלג ←"] · גרירות=11 · התקדמות=""
   משוב: 
שלב 3: שאלה="" · כפתורים=["בדיקה","→ הקודמת","לדלג ←","המעבר הצר","ית׳רב","הדרך וההעמסה","מכה","תחנת הגבול","המנזר","בדיקה","→ הקודמת","לדלג ←"] · גרירות=11 · התקדמות=""
   משוב: 
שלב 4: שאלה="" · כפתורים=["בדיקה","→ הקודמת","לדלג ←","המעבר הצר","ית׳רב","הדרך וההעמסה","מכה","תחנת הגבול","המנזר","בדיקה","→ הקודמת","לדלג ←"] · גרירות=11 · התקדמות=""
   משוב: 
שלב 5: שאלה="" · כפתורים=["בדיקה","→ הקודמת","לדלג ←","המעבר הצר","ית׳רב","הדרך וההעמסה","מכה","תחנת הגבול","המנזר","בדיקה","→ הקודמת","לדלג ←"] · גרירות=11 · התקדמות=""
   משוב: 
שלב 6: שאלה="" · כפתורים=["בדיקה","→ הקודמת","לדלג ←","המעבר הצר","ית׳רב","הדרך וההעמסה","מכה","תחנת הגבול","המנזר","בדיקה","→ הקודמת","לדלג ←"] · גרירות=11 · התקדמות=""
   משוב: 
שלב 7: שאלה="" · כפתורים=["בדיקה","→ הקודמת","לדלג ←","המעבר הצר","ית׳רב","הדרך וההעמסה","מכה","תחנת הגבול","המנזר","בדיקה","→ הקודמת","לדלג ←"] · גרירות=11 · התקדמות=""
   משוב: 
שלב 8: שאלה="" · כפתורים=["בדיקה","→ הקודמת","לדלג ←","המעבר הצר","ית׳רב","הדרך וההעמסה","מכה","תחנת הגבול","המנזר","בדיקה","→ הקודמת","לדלג ←"] · גרירות=11 · התקדמות=""
   משוב: 
שלב 9: שאלה="" · כפתורים=["בדיקה","→ הקודמת","לדלג ←","המעבר הצר","ית׳רב","הדרך וההעמסה","מכה","תחנת הגבול","המנזר","בדיקה","→ הקודמת","לדלג ←"] · גרירות=11 · התקדמות=""
   משוב: 
שלב 10: שאלה="" · כפתורים=["בדיקה","→ הקודמת","לדלג ←","המעבר הצר","ית׳רב","הדרך וההעמסה","מכה","תחנת הגבול","המנזר","בדיקה","→ הקודמת","לדלג ←"] · גרירות=11 · התקדמות=""
   משוב: 
שלב 11: שאלה="" · כפתורים=["בדיקה","→ הקודמת","לדלג ←","המעבר הצר","ית׳רב","הדרך וההעמסה","מכה","תחנת הגבול","המנזר","בדיקה","→ הקודמת","לדלג ←"] · גרירות=11 · התקדמות=""
   משוב: 
שלב 12: שאלה="" · כפתורים=["בדיקה","→ הקודמת","לדלג ←","המעבר הצר","ית׳רב","הדרך וההעמסה","מכה","תחנת הגבול","המנזר","בדיקה","→ הקודמת","לדלג ←"] · גרירות=11 · התקדמות=""
   משוב: 
שלב 13: שאלה="" · כפתורים=["בדיקה","→ הקודמת","לדלג ←","המעבר הצר","ית׳רב","הדרך וההעמסה","מכה","תחנת הגבול","המנזר","בדיקה","→ הקודמת","לדלג ←"] · גרירות=11 · התקדמות=""
   משוב: 
סיום: פון לחצי האי — הביזנטית והסאסאנית שבטים נוודים כבני חסות של האימפריות, ומכס תמורת מעבר בטוח משי ותבלינים בארגז — ורעיונות שאיש לא ארז שוק משותף לשכנים, ודין נפרד לכל שבט נצרות שהגיעה מאקסום שמעבר לים וממסופוטמיה — בין הפרת והחידקל הכעבה, האבן השחורה וריבוי האלילים בדיקה → הקודמת שאלה 2 מתוך 6 לדלג ←
