
── שאלה 1 מתוך 6 · 01סדרו את חמש התחנות המרכזיות לפי הסדר שבו נעברו
   שאלה: 
   סדר נוכחי: ["תחנת הגבול — בצילן של שתי אימפריות","ית׳רב — שוק משותף ודין נפרד","מכה — הכעבה ושלוש האבנים","רמות תימן — הכתובת החרותה באבן","המעבר הצר — מכס תמורת מעבר בחסות"]

── שאלה 2 מתוך 6 · 02התאימו כל דבר שנלמד בדרך לתחנה שבה הוא נלמד
   שאלה: 
   מאגר גרירה (6): ["המעבר הצר","ית׳רב","הדרך וההעמסה","מכה","תחנת הגבול","המנזר"]
   שורות התאמה: ["שתי אימפריות מצפון לחצי האי — הביזנטית והסאסאנית","שבטים נוודים כבני חסות של האימפריות, ומכס תמורת מעבר בטוח","משי ותבלינים בארגז — ורעיונות שאיש לא ארז","שוק משותף לשכנים, ודין נפרד לכל שבט","נצרות שהגיעה מאקסום שמעבר לים וממסופוטמיה — בין הפרת והחידקל","הכעבה, האבן השחורה וריבוי האלילים"]

── שאלה 2 מתוך 6 · 02התאימו כל דבר שנלמד בדרך לתחנה שבה הוא נלמד
   שאלה: 
   מאגר גרירה (6): ["המעבר הצר","ית׳רב","הדרך וההעמסה","מכה","תחנת הגבול","המנזר"]
   שורות התאמה: ["שתי אימפריות מצפון לחצי האי — הביזנטית והסאסאנית","שבטים נוודים כבני חסות של האימפריות, ומכס תמורת מעבר בטוח","משי ותבלינים בארגז — ורעיונות שאיש לא ארז","שוק משותף לשכנים, ודין נפרד לכל שבט","נצרות שהגיעה מאקסום שמעבר לים וממסופוטמיה — בין הפרת והחידקל","הכעבה, האבן השחורה וריבוי האלילים"]

── שאלה 2 מתוך 6 · 02התאימו כל דבר שנלמד בדרך לתחנה שבה הוא נלמד
   שאלה: 
   מאגר גרירה (6): ["המעבר הצר","ית׳רב","הדרך וההעמסה","מכה","תחנת הגבול","המנזר"]
   שורות התאמה: ["שתי אימפריות מצפון לחצי האי — הביזנטית והסאסאנית","שבטים נוודים כבני חסות של האימפריות, ומכס תמורת מעבר בטוח","משי ותבלינים בארגז — ורעיונות שאיש לא ארז","שוק משותף לשכנים, ודין נפרד לכל שבט","נצרות שהגיעה מאקסום שמעבר לים וממסופוטמיה — בין הפרת והחידקל","הכעבה, האבן השחורה וריבוי האלילים"]

── שאלה 2 מתוך 6 · 02התאימו כל דבר שנלמד בדרך לתחנה שבה הוא נלמד
   שאלה: 
   מאגר גרירה (6): ["המעבר הצר","ית׳רב","הדרך וההעמסה","מכה","תחנת הגבול","המנזר"]
   שורות התאמה: ["שתי אימפריות מצפון לחצי האי — הביזנטית והסאסאנית","שבטים נוודים כבני חסות של האימפריות, ומכס תמורת מעבר בטוח","משי ותבלינים בארגז — ורעיונות שאיש לא ארז","שוק משותף לשכנים, ודין נפרד לכל שבט","נצרות שהגיעה מאקסום שמעבר לים וממסופוטמיה — בין הפרת והחידקל","הכעבה, האבן השחורה וריבוי האלילים"]

── שאלה 2 מתוך 6 · 02התאימו כל דבר שנלמד בדרך לתחנה שבה הוא נלמד
   שאלה: 
   מאגר גרירה (6): ["המעבר הצר","ית׳רב","הדרך וההעמסה","מכה","תחנת הגבול","המנזר"]
   שורות התאמה: ["שתי אימפריות מצפון לחצי האי — הביזנטית והסאסאנית","שבטים נוודים כבני חסות של האימפריות, ומכס תמורת מעבר בטוח","משי ותבלינים בארגז — ורעיונות שאיש לא ארז","שוק משותף לשכנים, ודין נפרד לכל שבט","נצרות שהגיעה מאקסום שמעבר לים וממסופוטמיה — בין הפרת והחידקל","הכעבה, האבן השחורה וריבוי האלילים"]

── שאלה 2 מתוך 6 · 02התאימו כל דבר שנלמד בדרך לתחנה שבה הוא נלמד
   שאלה: 
   מאגר גרירה (6): ["המעבר הצר","ית׳רב","הדרך וההעמסה","מכה","תחנת הגבול","המנזר"]
   שורות התאמה: ["שתי אימפריות מצפון לחצי האי — הביזנטית והסאסאנית","שבטים נוודים כבני חסות של האימפריות, ומכס תמורת מעבר בטוח","משי ותבלינים בארגז — ורעיונות שאיש לא ארז","שוק משותף לשכנים, ודין נפרד לכל שבט","נצרות שהגיעה מאקסום שמעבר לים וממסופוטמיה — בין הפרת והחידקל","הכעבה, האבן השחורה וריבוי האלילים"]

── שאלה 2 מתוך 6 · 02התאימו כל דבר שנלמד בדרך לתחנה שבה הוא נלמד
   שאלה: 
   מאגר גרירה (6): ["המעבר הצר","ית׳רב","הדרך וההעמסה","מכה","תחנת הגבול","המנזר"]
   שורות התאמה: ["שתי אימפריות מצפון לחצי האי — הביזנטית והסאסאנית","שבטים נוודים כבני חסות של האימפריות, ומכס תמורת מעבר בטוח","משי ותבלינים בארגז — ורעיונות שאיש לא ארז","שוק משותף לשכנים, ודין נפרד לכל שבט","נצרות שהגיעה מאקסום שמעבר לים וממסופוטמיה — בין הפרת והחידקל","הכעבה, האבן השחורה וריבוי האלילים"]

סיום: נוודים כבני חסות של האימפריות, ומכס תמורת מעבר בטוח משי ותבלינים בארגז — ורעיונות שאיש לא ארז שוק משותף לשכנים, ודין נפרד לכל שבט נצרות שהגיעה מאקסום שמעבר לים וממסופוטמיה — בין הפרת והחידקל הכעבה, האבן השחורה וריבוי האלילים בדיקה → הקודמת שאלה 2 מתוך 6 לדלג ←
