
══ מכה · שיחה
  קטנות מ-44: 3
   · 88×27 · chapter-logo · "חזרה לעמוד הפרקים"
   · 34×34 · ch1-sound-btn · "השתיקו צליל"
   · 32×32 · hud-controls-close · "×"
  גלישת שורה: 0
  טקסט חתוך: 0
  חפיפה: 0
  חלוניות: hud-panel hud-controls 272×261 · hud-panel hud-goal 560×42 · hud-panel hud-map 172×172

══ תרגול
  קטנות מ-44: 2
   · 40×40 · chapter-burger · "כיווץ/הרחבה של התפריט"
   · 88×27 · chapter-logo · "חזרה לעמוד הפרקים"
  גלישת שורה: 0
  טקסט חתוך: 0
  חפיפה: 0
  חלוניות: אין

══ דף הסיום
  קטנות מ-44: 0
  גלישת שורה: 0
  טקסט חתוך: 0
  חפיפה: 0
  חלוניות: אין

══ בחינות
  קטנות מ-44: 6
   · 40×40 · chapter-burger · "כיווץ/הרחבה של התפריט"
   · 88×27 · chapter-logo · "חזרה לעמוד הפרקים"
   · 77×43 · chip is-active · "הכל6"
   · 106×43 · chip · "היסטוריה2"
   · 148×43 · chip · "ראשית האסלאם3"
   · 125×43 · chip · "אמונה ופולחן1"
  גלישת שורה: 7
   · gv-back · "חזרה לפרקים" · 154px על 35px שורה
   · xr-ch · "1ההיסטוריה של חצי האי ער" · 66px על 35px שורה
   · xr-ch · "2תרבות שבטית טרום עליית " · 66px על 35px שורה
   · xr-ch · "3ראשית חיי מוחמד74 שאלות" · 66px על 35px שורה
   · xr-ch · "4ההג׳רה והקרבות81 שאלות " · 66px על 35px שורה
   · xr-ch · "5שאלת הירושה והח׳ליפים י" · 66px על 35px שורה
  טקסט חתוך: 0
  חפיפה: 0
  חלוניות: אין
